VERSION                        | URL
2018-03-25 10:13 (LATEST)      | https://s3.amazonaws.com/user_backups.todoist.com/f9610a4296c5deaf536de3fc9bfd113a.zip
2018-03-25 10:12               | https://s3.amazonaws.com/user_backups.todoist.com/d786b8464e642890cd575bdefc87dcda.zip
